// Jest Snapshot v1, https://goo.gl/fbAQLP

exports[`App render snapshot test 1`] = `
<RCTSafeAreaView
  emulateUnlessSupported={true}
  style={
    Object {
      "alignItems": "center",
      "backgroundColor": "#fff",
      "flex": 1,
      "justifyContent": "center",
    }
  }
>
  <Text
    style={
      Object {
        "color": "black",
        "fontSize": 40,
        "fontWeight": "600",
        "margin": 30,
      }
    }
  >
    Todo TDD
  </Text>
  <TextInput
    placeholder="+ Add a Task"
    style={
      Object {
        "alignItems": "center",
        "borderColor": "#ccc",
        "borderRadius": 5,
        "borderWidth": 1,
        "fontSize": 20,
        "margin": 5,
        "padding": 8,
        "width": 735,
      }
    }
  />
  <RCTScrollView>
    <View>
      <Text>
        Learn React Native
      </Text>
      <Text>
        Create a React Native app
      </Text>
    </View>
  </RCTScrollView>
</RCTSafeAreaView>
`;
