// Jest Snapshot v1, https://goo.gl/fbAQLP

exports[`App render snapshot test 1`] = `
<RCTSafeAreaView
  emulateUnlessSupported={true}
  style={
    Object {
      "alignItems": "center",
      "backgroundColor": "#fff",
      "flex": 1,
      "justifyContent": "center",
    }
  }
>
  <Text
    style={
      Object {
        "color": "black",
        "fontSize": 40,
        "fontWeight": "600",
        "margin": 30,
      }
    }
  >
    Todo TDD
  </Text>
  <TextInput
    onChangeText={[Function]}
    onSubmitEditing={[Function]}
    placeholder="+ Add a Task"
    style={
      Object {
        "alignItems": "center",
        "borderColor": "#ccc",
        "borderRadius": 5,
        "borderWidth": 1,
        "fontSize": 20,
        "margin": 5,
        "padding": 8,
        "width": 735,
      }
    }
    value=""
  />
  <RCTScrollView>
    <View>
      <View
        style={
          Object {
            "alignItems": "center",
            "flexDirection": "row",
            "justifyContent": "space-around",
            "marginLeft": 8,
            "width": 735,
          }
        }
      >
        <View
          accessible={true}
          collapsable={false}
          focusable={false}
          onClick={[Function]}
          onResponderGrant={[Function]}
          onResponderMove={[Function]}
          onResponderRelease={[Function]}
          onResponderTerminate={[Function]}
          onResponderTerminationRequest={[Function]}
          onStartShouldSetResponder={[Function]}
          style={
            Object {
              "color": "green",
              "margin": 10,
              "opacity": 1,
            }
          }
          testID="checkbox"
        >
          <Text
            allowFontScaling={false}
            selectable={false}
            style={
              Array [
                Object {
                  "color": "green",
                  "fontSize": 18,
                },
                undefined,
                Object {
                  "fontFamily": "Feather",
                  "fontStyle": "normal",
                  "fontWeight": "normal",
                },
                Object {},
              ]
            }
          >
            
          </Text>
        </View>
        <Text
          style={
            Object {
              "color": "black",
              "flex": 1,
              "fontSize": 20,
            }
          }
        >
          Learn React Native
        </Text>
        <Text
          allowFontScaling={false}
          selectable={false}
          style={
            Array [
              Object {
                "color": "blue",
                "fontSize": 18,
              },
              undefined,
              Object {
                "fontFamily": "Feather",
                "fontStyle": "normal",
                "fontWeight": "normal",
              },
              Object {},
            ]
          }
          testID="edit"
        >
          
        </Text>
        <View
          accessible={true}
          collapsable={false}
          focusable={true}
          onClick={[Function]}
          onResponderGrant={[Function]}
          onResponderMove={[Function]}
          onResponderRelease={[Function]}
          onResponderTerminate={[Function]}
          onResponderTerminationRequest={[Function]}
          onStartShouldSetResponder={[Function]}
          style={
            Object {
              "margin": 10,
              "opacity": 1,
            }
          }
          testID="delete"
        >
          <Text
            allowFontScaling={false}
            selectable={false}
            style={
              Array [
                Object {
                  "color": "red",
                  "fontSize": 18,
                },
                undefined,
                Object {
                  "fontFamily": "Feather",
                  "fontStyle": "normal",
                  "fontWeight": "normal",
                },
                Object {},
              ]
            }
          >
            
          </Text>
        </View>
      </View>
      <View
        style={
          Object {
            "alignItems": "center",
            "flexDirection": "row",
            "justifyContent": "space-around",
            "marginLeft": 8,
            "width": 735,
          }
        }
      >
        <View
          accessible={true}
          collapsable={false}
          focusable={false}
          onClick={[Function]}
          onResponderGrant={[Function]}
          onResponderMove={[Function]}
          onResponderRelease={[Function]}
          onResponderTerminate={[Function]}
          onResponderTerminationRequest={[Function]}
          onStartShouldSetResponder={[Function]}
          style={
            Object {
              "color": "green",
              "margin": 10,
              "opacity": 1,
            }
          }
          testID="checkbox"
        >
          <Text
            allowFontScaling={false}
            selectable={false}
            style={
              Array [
                Object {
                  "color": "green",
                  "fontSize": 18,
                },
                undefined,
                Object {
                  "fontFamily": "Feather",
                  "fontStyle": "normal",
                  "fontWeight": "normal",
                },
                Object {},
              ]
            }
          >
            
          </Text>
        </View>
        <Text
          style={
            Object {
              "color": "black",
              "flex": 1,
              "fontSize": 20,
            }
          }
        >
          Create a React Native app
        </Text>
        <Text
          allowFontScaling={false}
          selectable={false}
          style={
            Array [
              Object {
                "color": "blue",
                "fontSize": 18,
              },
              undefined,
              Object {
                "fontFamily": "Feather",
                "fontStyle": "normal",
                "fontWeight": "normal",
              },
              Object {},
            ]
          }
          testID="edit"
        >
          
        </Text>
        <View
          accessible={true}
          collapsable={false}
          focusable={true}
          onClick={[Function]}
          onResponderGrant={[Function]}
          onResponderMove={[Function]}
          onResponderRelease={[Function]}
          onResponderTerminate={[Function]}
          onResponderTerminationRequest={[Function]}
          onStartShouldSetResponder={[Function]}
          style={
            Object {
              "margin": 10,
              "opacity": 1,
            }
          }
          testID="delete"
        >
          <Text
            allowFontScaling={false}
            selectable={false}
            style={
              Array [
                Object {
                  "color": "red",
                  "fontSize": 18,
                },
                undefined,
                Object {
                  "fontFamily": "Feather",
                  "fontStyle": "normal",
                  "fontWeight": "normal",
                },
                Object {},
              ]
            }
          >
            
          </Text>
        </View>
      </View>
    </View>
  </RCTScrollView>
</RCTSafeAreaView>
`;
